// Jest Snapshot v1, https://goo.gl/fbAQLP

exports[`Banner should throw an error if no title is provided 1`] = `"The Banner component requires a title to be provided as the \`title\` prop or through \`Banner.Title\`"`;
