// Jest Snapshot v1, https://goo.gl/fbAQLP

exports[`ActionList renders consistently 1`] = `
.c0 {
  margin: 0;
  padding-inline-start: 0;
  padding-top: 8px;
  padding-bottom: 8px;
}

<div>
  <ul
    className="c0"
  />
</div>
`;
