// Jest Snapshot v1, https://goo.gl/fbAQLP

exports[`ActionList renders consistently 1`] = `
.c0 {
  margin: 0;
  padding-inline-start: 0;
  padding-top: 8px;
  padding-bottom: 8px;
}

<ul
  className="c0"
/>
`;

exports[`ActionList.Item renders consistently 1`] = `
.c4:hover:not([aria-disabled]) + .c0,
.c4:focus:not([aria-disabled]) + .c4 {
  --divider-color: transparent;
}

.c4[aria-selected=true] + .c0 {
  --divider-color: transparent;
}

.c2 {
  display: -webkit-box;
  display: -webkit-flex;
  display: -ms-flexbox;
  display: flex;
  -webkit-flex-direction: column;
  -ms-flex-direction: column;
  flex-direction: column;
  -webkit-box-flex: 1;
  -webkit-flex-grow: 1;
  -ms-flex-positive: 1;
  flex-grow: 1;
  min-width: 0;
}

.c3 {
  -webkit-box-flex: 1;
  -webkit-flex-grow: 1;
  -ms-flex-positive: 1;
  flex-grow: 1;
}

.c5:hover:not([aria-disabled]) + .c0,
.c5:focus:not([aria-disabled]) + .c5 {
  --divider-color: transparent;
}

.c5[aria-selected=true] + .c0 {
  --divider-color: transparent;
}

.c6:hover:not([aria-disabled]) + .c0,
.c6:focus:not([aria-disabled]) + .c6 {
  --divider-color: transparent;
}

.c6[aria-selected=true] + .c0 {
  --divider-color: transparent;
}

.c1 {
  display: -webkit-box;
  display: -webkit-flex;
  display: -ms-flexbox;
  display: flex;
  padding-left: 8px;
  padding-right: 8px;
  font-size: 14px;
  padding-top: 6px;
  padding-bottom: 6px;
  line-height: 20px;
  margin-left: 0;
  margin-right: 0;
  min-height: 5px;
  border-radius: 6px;
  -webkit-transition: background 33.333ms linear;
  transition: background 33.333ms linear;
  color: #24292f;
  -webkit-text-decoration: none;
  text-decoration: none;
}

.c1[aria-selected=true] {
  background-color: rgba(208,215,222,0.24);
}

.c1:not([aria-disabled]) {
  cursor: pointer;
}

.c1 [data-component="ActionList.Item--DividerContainer"] {
  position: relative;
}

.c1 [data-component="ActionList.Item--DividerContainer"]::before {
  content: " ";
  display: block;
  position: absolute;
  width: 100%;
  top: -7px;
  border: 0 solid;
  border-top-width: 0;
  border-color: var(--divider-color,transparent);
}

.c1:not(:first-of-type):not([aria-selected=true]) {
  --divider-color: rgba(208,215,222,0.48);
}

[data-component="ActionList.Divider"] + .c1 {
  --divider-color: transparent !important;
}

.c1:hover:not([aria-disabled]),
.c1:focus:not([aria-disabled]) {
  --divider-color: transparent;
}

.c1:hover:not([aria-disabled]) + .c0,
.c1:focus:not([aria-disabled]) + .c1 {
  --divider-color: transparent;
}

.c1[aria-selected=true] + .c0 {
  --divider-color: transparent;
}

@media (hover:hover) and (pointer:fine) {
  .c1:hover:not([aria-disabled]) {
    background-color: rgba(208,215,222,0.32);
    color: #24292f;
  }

  .c1:focus:not([aria-disabled]) {
    background-color: rgba(208,215,222,0.48);
    color: #24292f;
    outline: none;
  }
}

<li
  aria-describedby=""
  aria-labelledby="react-aria2220704418-19"
  className="c0 c1"
  onClick={[Function]}
  tabIndex={-1}
>
  <div
    className="c0 c2"
    data-component="ActionList.Item--DividerContainer"
  >
    <span
      className="c0 c3"
      id="react-aria2220704418-19"
    />
  </div>
</li>
`;
