// Jest Snapshot v1, https://goo.gl/fbAQLP

exports[`Avatar renders consistently 1`] = `
.c0 {
  display: inline-block;
  overflow: hidden;
  line-height: 1;
  vertical-align: middle;
  width: 20px;
  height: 20px;
  border-radius: 50%;
}

<img
  alt=""
  className="c0"
/>
`;
