// Jest Snapshot v1, https://goo.gl/fbAQLP

exports[`ChoiceGroup renders consistently 1`] = `
.c0 {
  margin: 0;
  padding: 0;
  border: none;
}

.c1 {
  margin-bottom: 8px;
  padding: 0;
}

.c4 {
  display: -webkit-box;
  display: -webkit-flex;
  display: -ms-flexbox;
  display: flex;
}

.c5 > input {
  margin-left: 0;
  margin-right: 0;
}

.c6 {
  cursor: pointer;
}

.c2 {
  position: absolute;
  width: 1px;
  height: 1px;
  padding: 0;
  margin: -1px;
  overflow: hidden;
  -webkit-clip: rect(0,0,0,0);
  clip: rect(0,0,0,0);
  white-space: nowrap;
  border-width: 0;
}

.c3 {
  display: -webkit-box;
  display: -webkit-flex;
  display: -ms-flexbox;
  display: flex;
  -webkit-flex-direction: column;
  -ms-flex-direction: column;
  flex-direction: column;
  list-style: none;
  margin: 0;
  padding: 0;
}

.c3 > * + * {
  margin-top: 8px;
}

<div>
  <fieldset
    className="c0"
    disabled={false}
  >
    <legend
      className="c1"
    >
      <span
        className="c2"
      />
    </legend>
    <div
      className="c3"
    >
      <div
        className="c4"
        display="flex"
      >
        <div
          className="c5"
        >
          <input
            aria-checked="false"
            aria-disabled="false"
            aria-invalid="false"
            aria-required="false"
            className="c6"
            id="react-aria-2"
            name="radioInput"
            type="radio"
            value="choiceOne"
          />
        </div>
      </div>
      <div
        className="c4"
        display="flex"
      >
        <div
          className="c5"
        >
          <input
            aria-checked="false"
            aria-disabled="false"
            aria-invalid="false"
            aria-required="false"
            className="c6"
            id="react-aria-3"
            name="radioInput"
            type="radio"
            value="choiceTwo"
          />
        </div>
      </div>
      <div
        className="c4"
        display="flex"
      >
        <div
          className="c5"
        >
          <input
            aria-checked="false"
            aria-disabled="false"
            aria-invalid="false"
            aria-required="false"
            className="c6"
            id="react-aria-4"
            name="radioInput"
            type="radio"
            value="choiceThree"
          />
        </div>
      </div>
    </div>
  </fieldset>
</div>
`;
