// Jest Snapshot v1, https://goo.gl/fbAQLP

exports[`@primer/react should not update exports without a semver change 1`] = `
[
  "ActionList",
  "ActionMenu",
  "AnchoredOverlay",
  "Autocomplete",
  "Avatar",
  "AvatarPair",
  "AvatarStack",
  "AvatarToken",
  "BaseStyles",
  "Box",
  "BranchName",
  "Breadcrumb",
  "Breadcrumbs",
  "Button",
  "ButtonGroup",
  "Caret",
  "Checkbox",
  "CheckboxGroup",
  "CircleBadge",
  "CircleOcticon",
  "CounterLabel",
  "Details",
  "Dialog",
  "Flash",
  "FormControl",
  "Header",
  "Heading",
  "IconButton",
  "IssueLabelToken",
  "Label",
  "LabelGroup",
  "Link",
  "LinkButton",
  "NavList",
  "Octicon",
  "Overlay",
  "PageLayout",
  "Pagehead",
  "Pagination",
  "PointerBox",
  "Popover",
  "Portal",
  "ProgressBar",
  "Radio",
  "RadioGroup",
  "RelativeTime",
  "SSRProvider",
  "SegmentedControl",
  "Select",
  "SelectPanel",
  "SideNav",
  "Spinner",
  "SplitPageLayout",
  "StateLabel",
  "StyledOcticon",
  "SubNav",
  "TabNav",
  "Text",
  "TextInput",
  "TextInputWithTokens",
  "Textarea",
  "ThemeProvider",
  "Timeline",
  "ToggleSwitch",
  "Token",
  "Tooltip",
  "TreeView",
  "Truncate",
  "UnderlineNav",
  "merge",
  "registerPortalRoot",
  "sx",
  "theme",
  "themeGet",
  "useColorSchemeVar",
  "useDetails",
  "useFocusTrap",
  "useFocusZone",
  "useOnEscapePress",
  "useOnOutsideClick",
  "useOpenAndCloseFocus",
  "useOverlay",
  "useRefObjectAsForwardedRef",
  "useResizeObserver",
  "useResponsiveValue",
  "useSSRSafeId",
  "useSafeTimeout",
  "useTheme",
]
`;

exports[`@primer/react/decprecated should not update exports without a semver change 1`] = `
[
  "ActionList",
  "ActionMenu",
  "Button",
  "ButtonClose",
  "ButtonDanger",
  "ButtonInvisible",
  "ButtonOutline",
  "ButtonPrimary",
  "ButtonTableList",
  "FilterList",
  "FilteredSearch",
  "UnderlineNav",
]
`;

exports[`@primer/react/drafts should not update exports without a semver change 1`] = `
[
  "Blankslate",
  "ConfirmationDialog",
  "DataTable",
  "Dialog",
  "Hidden",
  "InlineAutocomplete",
  "MarkdownEditor",
  "MarkdownViewer",
  "NavList",
  "PageHeader",
  "Table",
  "callbackCancelledResult",
  "useCombobox",
  "useConfirm",
  "useDynamicTextareaHeight",
  "useIgnoreKeyboardActionsWhileComposing",
  "useSafeAsyncCallback",
  "useSyntheticChange",
]
`;
