// Jest Snapshot v1, https://goo.gl/fbAQLP

exports[`Flex renders consistently 1`] = `
<div
  className=""
  display="flex"
/>
`;

exports[`Flex respects alignContent 1`] = `
<div
  className=""
  display="flex"
/>
`;

exports[`Flex respects alignItems 1`] = `
<div
  className=""
  display="flex"
/>
`;

exports[`Flex respects flexDirection 1`] = `
<div
  className=""
  display="flex"
/>
`;

exports[`Flex respects flexWrap 1`] = `
<div
  className=""
  display="flex"
/>
`;

exports[`Flex respects justifyContent 1`] = `
<div
  className=""
  display="flex"
/>
`;

exports[`Flex respects responsive display 1`] = `
<div
  className=""
  display={
    Array [
      "flex",
      "inline-flex",
    ]
  }
/>
`;
