// Jest Snapshot v1, https://goo.gl/fbAQLP

exports[`Pagehead renders consistently 1`] = `
.c0 {
  position: relative;
  padding-top: var(--base-size-24,24px);
  padding-bottom: var(--base-size-24,24px);
  margin-bottom: var(--base-size-24,24px);
  border-bottom: 1px solid #d0d7de;
}

<div
  className="c0"
/>
`;
