// Jest Snapshot v1, https://goo.gl/fbAQLP

exports[`TextArea renders consistently 1`] = `
.c0 {
  min-height: 124px;
  font-family: inherit;
  font-size: 14px;
  line-height: 20px;
  color: #24292f;
  vertical-align: middle;
  background-color: #ffffff;
  border: 1px solid #d0d7de;
  border-radius: 6px;
  outline: none;
  box-shadow: inset 0 1px 0 rgba(208,215,222,0.2);
  cursor: text;
  display: -webkit-inline-box;
  display: -webkit-inline-flex;
  display: -ms-inline-flexbox;
  display: inline-flex;
  -webkit-align-items: stretch;
  -webkit-box-align: stretch;
  -ms-flex-align: stretch;
  align-items: stretch;
  padding: 8px;
  resize: both;
}

.c0:focus-within {
  border-color: #0969da;
  box-shadow: 0 0 0 3px rgba(9,105,218,0.3);
}

.c0::-webkit-input-placeholder {
  color: #6e7781;
}

.c0::-moz-placeholder {
  color: #6e7781;
}

.c0:-ms-input-placeholder {
  color: #6e7781;
}

.c0::placeholder {
  color: #6e7781;
}

@media (min-width:360px) {
  .c0 {
    min-width: 300px;
  }
}

@media (min-width:768px) {
  .c0 {
    font-size: 14px;
  }
}

<textarea
  aria-invalid="false"
  aria-required="false"
  className="c0"
/>
`;
