// Jest Snapshot v1, https://goo.gl/fbAQLP

exports[`Toasts renders consistently 1`] = `
<div
  className=""
/>
`;
