// Jest Snapshot v1, https://goo.gl/fbAQLP

exports[`Tooltip renders consistently 1`] = `
.c0.c0.c0 {
  border: none;
  overflow: hidden;
  margin: 0;
  position: fixed;
  background: transparent;
  top: 0;
  left: 0;
  display: none;
  opacity: 0;
  padding: 0;
  --width: 0;
  --height: 0;
  --anchor-width: 0;
  -webkit-animation-name: tooltip-appear;
  animation-name: tooltip-appear;
  -webkit-animation-duration: 0.1s;
  animation-duration: 0.1s;
  -webkit-animation-fill-mode: forwards;
  animation-fill-mode: forwards;
  -webkit-animation-timing-function: ease-in;
  animation-timing-function: ease-in;
  -webkit-animation-delay: 0.4s;
  animation-delay: 0.4s;
}

.c0.c0.c0.tooltipped-no-delay {
  -webkit-animation-delay: 0s;
  animation-delay: 0s;
}

.c0.c0.c0.\\:open {
  display: block;
}

.c0.c0.c0:open {
  display: block;
}

.c0.c0.c0::before {
  position: relative;
  padding: 0.5em 0.75em;
  border-radius: 3px;
  font: normal normal 11px/1.5 -apple-system,BlinkMacSystemFont,"Segoe UI","Noto Sans",Helvetica,Arial,sans-serif,"Apple Color Emoji","Segoe UI Emoji";
  background: #24292f;
  color: #ffffff;
  content: attr(aria-label);
  word-wrap: break-word;
  text-align: center;
  display: block;
}

.c0.c0.c0::after {
  position: absolute;
  content: '';
  right: 50%;
  margin-right: -6px;
  width: 0;
  height: 0;
  border: 6px solid transparent;
}

.c0.c0.c0.tooltipped-n,
.c0.c0.c0.tooltipped-ne,
.c0.c0.c0.tooltipped-nw {
  padding-bottom: 10px;
}

.c0.c0.c0.tooltipped-n::after,
.c0.c0.c0.tooltipped-ne::after,
.c0.c0.c0.tooltipped-nw::after {
  top: calc(var(--height) - 12px);
  border-top-color: #24292f;
}

.c0.c0.c0.tooltipped-nw::after {
  right: 0.5em;
}

.c0.c0.c0.tooltipped-ne::after {
  left: 0.5em;
}

.c0.c0.c0.tooltipped-sw {
  padding-top: 10px;
}

.c0.c0.c0.tooltipped-sw::after {
  right: 0.5em;
  top: 0;
  border-bottom-color: #24292f;
}

.c0.c0.c0.tooltipped-se {
  padding-top: 10px;
}

.c0.c0.c0.tooltipped-se::after {
  left: 0.5em;
  top: 0;
  border-bottom-color: #24292f;
}

.c0.c0.c0.tooltipped-s {
  padding-top: 10px;
}

.c0.c0.c0.tooltipped-s::after {
  top: 0;
  border-bottom-color: #24292f;
}

.c0.c0.c0.tooltipped-e {
  padding-left: 10px;
}

.c0.c0.c0.tooltipped-e:after {
  top: calc(var(--height) / 2 - 5px);
  right: calc(var(--width) - 5px);
  border-right-color: #24292f;
}

.c0.c0.c0.tooltipped-w {
  padding-right: 10px;
}

.c0.c0.c0.tooltipped-w::after {
  top: calc(var(--height) / 2 - 5px);
  right: 4px;
  border-left-color: #24292f;
}

.c0.c0.c0.tooltipped-multiline::before {
  width: -webkit-max-content;
  width: -moz-max-content;
  width: max-content;
  max-width: 250px;
  word-wrap: break-word;
  white-space: pre-line;
  border-collapse: separate;
}

<span
  onBlur={[Function]}
  onFocus={[Function]}
  onPointerEnter={[Function]}
  onPointerLeave={[Function]}
  style={
    {
      "display": "inline-block",
    }
  }
>
  <span
    className="c0 tooltipped-n"
    popover="auto"
  />
</span>
`;
