// Jest Snapshot v1, https://goo.gl/fbAQLP

exports[`Tooltip renders consistently 1`] = `
.c0 {
  position: relative;
  display: inline-block;
}

.c0::after {
  position: absolute;
  z-index: 1000000;
  display: none;
  padding: 0.5em 0.75em;
  font: normal normal 11px/1.5 -apple-system,BlinkMacSystemFont,"Segoe UI","Noto Sans",Helvetica,Arial,sans-serif,"Apple Color Emoji","Segoe UI Emoji";
  -webkit-font-smoothing: subpixel-antialiased;
  color: #ffffff;
  text-align: center;
  -webkit-text-decoration: none;
  text-decoration: none;
  text-shadow: none;
  text-transform: none;
  -webkit-letter-spacing: normal;
  -moz-letter-spacing: normal;
  -ms-letter-spacing: normal;
  letter-spacing: normal;
  word-wrap: break-word;
  white-space: pre;
  pointer-events: none;
  content: attr(aria-label);
  background: #24292f;
  border-radius: 6px;
  opacity: 0;
}

.c0:hover::after,
.c0:active::after,
.c0:focus::after,
.c0:focus-within::after {
  display: inline-block;
  -webkit-text-decoration: none;
  text-decoration: none;
  -webkit-animation-name: tooltip-appear;
  animation-name: tooltip-appear;
  -webkit-animation-duration: 0.1s;
  animation-duration: 0.1s;
  -webkit-animation-fill-mode: forwards;
  animation-fill-mode: forwards;
  -webkit-animation-timing-function: ease-in;
  animation-timing-function: ease-in;
  -webkit-animation-delay: 0.4s;
  animation-delay: 0.4s;
}

.c0.tooltipped-no-delay:hover::after,
.c0.tooltipped-no-delay:active::after,
.c0.tooltipped-no-delay:focus::after,
.c0.tooltipped-no-delay:focus-within::after {
  -webkit-animation-delay: 0s;
  animation-delay: 0s;
}

.c0.tooltipped-multiline:hover::after,
.c0.tooltipped-multiline:active::after,
.c0.tooltipped-multiline:focus::after,
.c0.tooltipped-multiline:focus-within::after {
  display: table-cell;
}

.c0.tooltipped-s::after,
.c0.tooltipped-se::after,
.c0.tooltipped-sw::after {
  top: 100%;
  right: 50%;
  margin-top: 6px;
}

.c0.tooltipped-se::after {
  right: auto;
  left: 50%;
  margin-left: -16px;
}

.c0.tooltipped-sw::after {
  margin-right: -16px;
}

.c0.tooltipped-n::after,
.c0.tooltipped-ne::after,
.c0.tooltipped-nw::after {
  right: 50%;
  bottom: 100%;
  margin-bottom: 6px;
}

.c0.tooltipped-ne::after {
  right: auto;
  left: 50%;
  margin-left: -16px;
}

.c0.tooltipped-nw::after {
  margin-right: -16px;
}

.c0.tooltipped-s::after,
.c0.tooltipped-n::after {
  -webkit-transform: translateX(50%);
  -ms-transform: translateX(50%);
  transform: translateX(50%);
}

.c0.tooltipped-w::after {
  right: 100%;
  bottom: 50%;
  margin-right: 6px;
  -webkit-transform: translateY(50%);
  -ms-transform: translateY(50%);
  transform: translateY(50%);
}

.c0.tooltipped-e::after {
  bottom: 50%;
  left: 100%;
  margin-left: 6px;
  -webkit-transform: translateY(50%);
  -ms-transform: translateY(50%);
  transform: translateY(50%);
}

.c0.tooltipped-multiline::after {
  width: -webkit-max-content;
  width: -moz-max-content;
  width: max-content;
  max-width: 250px;
  word-wrap: break-word;
  white-space: pre-line;
  border-collapse: separate;
}

.c0.tooltipped-multiline.tooltipped-s::after,
.c0.tooltipped-multiline.tooltipped-n::after {
  right: auto;
  left: 50%;
  -webkit-transform: translateX(-50%);
  -ms-transform: translateX(-50%);
  transform: translateX(-50%);
}

.c0.tooltipped-multiline.tooltipped-w::after,
.c0.tooltipped-multiline.tooltipped-e::after {
  right: 100%;
}

.c0.tooltipped-align-right-2::after {
  right: 0;
  margin-right: 0;
}

.c0.tooltipped-align-left-2::after {
  left: 0;
  margin-left: 0;
}

<span
  className="c0 tooltipped-n"
  role="tooltip"
/>
`;
