// Jest Snapshot v1, https://goo.gl/fbAQLP

exports[`Flash renders consistently 1`] = `
.c0 {
  position: relative;
  color: #1F2328;
  padding: 16px;
  border-style: solid;
  border-width: 1px;
  border-radius: 6px;
  margin-top: 0;
  display: -webkit-box;
  display: -webkit-flex;
  display: -ms-flexbox;
  display: flex;
  -webkit-align-items: center;
  -webkit-box-align: center;
  -ms-flex-align: center;
  align-items: center;
  color: #1F2328;
  background-color: #ddf4ff;
  border-color: rgba(84,174,255,0.4);
}

.c0 p:last-child {
  margin-bottom: 0;
}

.c0 svg {
  display: -webkit-box;
  display: -webkit-flex;
  display: -ms-flexbox;
  display: flex;
  -webkit-align-self: flex-start;
  -ms-flex-item-align: start;
  align-self: flex-start;
  margin-top: 4px;
  margin-right: 8px;
}

.c0 svg {
  color: #0969da;
}

<div
  className="c0"
/>
`;
